running egg_info
writing ../../build/car_kinematics/car_kinematics.egg-info/PKG-INFO
writing dependency_links to ../../build/car_kinematics/car_kinematics.egg-info/dependency_links.txt
writing entry points to ../../build/car_kinematics/car_kinematics.egg-info/entry_points.txt
writing requirements to ../../build/car_kinematics/car_kinematics.egg-info/requires.txt
writing top-level names to ../../build/car_kinematics/car_kinematics.egg-info/top_level.txt
reading manifest file '../../build/car_kinematics/car_kinematics.egg-info/SOURCES.txt'
writing manifest file '../../build/car_kinematics/car_kinematics.egg-info/SOURCES.txt'
running build
running build_py
copying car_kinematics/kinematics_node.py -> /home/omar/kinematics_ws/build/car_kinematics/build/lib/car_kinematics
running install
running install_lib
copying /home/omar/kinematics_ws/build/car_kinematics/build/lib/car_kinematics/kinematics_node.py -> /home/omar/kinematics_ws/install/car_kinematics/lib/python3.12/site-packages/car_kinematics
byte-compiling /home/omar/kinematics_ws/install/car_kinematics/lib/python3.12/site-packages/car_kinematics/kinematics_node.py to kinematics_node.cpython-312.pyc
running install_data
running install_egg_info
removing '/home/omar/kinematics_ws/install/car_kinematics/lib/python3.12/site-packages/car_kinematics-0.0.0-py3.12.egg-info' (and everything under it)
Copying ../../build/car_kinematics/car_kinematics.egg-info to /home/omar/kinematics_ws/install/car_kinematics/lib/python3.12/site-packages/car_kinematics-0.0.0-py3.12.egg-info
running install_scripts
Installing kinematics_node script to /home/omar/kinematics_ws/install/car_kinematics/lib/car_kinematics
writing list of installed files to '/home/omar/kinematics_ws/build/car_kinematics/install.log'
