[1.869s] Invoking command in '/home/omar/kinematics_ws/src/car_kinematics': DEBUGINFOD_URLS=https://debuginfod.ubuntu.com PYTHONPATH=/home/omar/kinematics_ws/build/car_kinematics/prefix_override:/usr/lib/python3/dist-packages/colcon_core/task/python/colcon_distutils_commands:/home/omar/kinematics_ws/install/car_kinematics/lib/python3.12/site-packages:${PYTHONPATH} /usr/bin/python3 -W ignore:setup.py install is deprecated -W ignore:easy_install command is deprecated setup.py egg_info --egg-base ../../build/car_kinematics build --build-base /home/omar/kinematics_ws/build/car_kinematics/build install --record /home/omar/kinematics_ws/build/car_kinematics/install.log --install-scripts $base/lib/car_kinematics --single-version-externally-managed install_data
[2.499s] running egg_info
[2.554s] writing ../../build/car_kinematics/car_kinematics.egg-info/PKG-INFO
[2.554s] writing dependency_links to ../../build/car_kinematics/car_kinematics.egg-info/dependency_links.txt
[2.555s] writing entry points to ../../build/car_kinematics/car_kinematics.egg-info/entry_points.txt
[2.555s] writing requirements to ../../build/car_kinematics/car_kinematics.egg-info/requires.txt
[2.555s] writing top-level names to ../../build/car_kinematics/car_kinematics.egg-info/top_level.txt
[2.670s] reading manifest file '../../build/car_kinematics/car_kinematics.egg-info/SOURCES.txt'
[2.671s] writing manifest file '../../build/car_kinematics/car_kinematics.egg-info/SOURCES.txt'
[2.672s] running build
[2.672s] running build_py
[2.672s] copying car_kinematics/kinematics_node.py -> /home/omar/kinematics_ws/build/car_kinematics/build/lib/car_kinematics
[2.673s] running install
[2.683s] running install_lib
[2.740s] copying /home/omar/kinematics_ws/build/car_kinematics/build/lib/car_kinematics/kinematics_node.py -> /home/omar/kinematics_ws/install/car_kinematics/lib/python3.12/site-packages/car_kinematics
[2.741s] byte-compiling /home/omar/kinematics_ws/install/car_kinematics/lib/python3.12/site-packages/car_kinematics/kinematics_node.py to kinematics_node.cpython-312.pyc
[2.742s] running install_data
[2.743s] running install_egg_info
[2.799s] removing '/home/omar/kinematics_ws/install/car_kinematics/lib/python3.12/site-packages/car_kinematics-0.0.0-py3.12.egg-info' (and everything under it)
[2.799s] Copying ../../build/car_kinematics/car_kinematics.egg-info to /home/omar/kinematics_ws/install/car_kinematics/lib/python3.12/site-packages/car_kinematics-0.0.0-py3.12.egg-info
[2.801s] running install_scripts
[3.138s] Installing kinematics_node script to /home/omar/kinematics_ws/install/car_kinematics/lib/car_kinematics
[3.139s] writing list of installed files to '/home/omar/kinematics_ws/build/car_kinematics/install.log'
[3.184s] Invoked command in '/home/omar/kinematics_ws/src/car_kinematics' returned '0': DEBUGINFOD_URLS=https://debuginfod.ubuntu.com PYTHONPATH=/home/omar/kinematics_ws/build/car_kinematics/prefix_override:/usr/lib/python3/dist-packages/colcon_core/task/python/colcon_distutils_commands:/home/omar/kinematics_ws/install/car_kinematics/lib/python3.12/site-packages:${PYTHONPATH} /usr/bin/python3 -W ignore:setup.py install is deprecated -W ignore:easy_install command is deprecated setup.py egg_info --egg-base ../../build/car_kinematics build --build-base /home/omar/kinematics_ws/build/car_kinematics/build install --record /home/omar/kinematics_ws/build/car_kinematics/install.log --install-scripts $base/lib/car_kinematics --single-version-externally-managed install_data
